src/core/on-error.ts(19,10): error TS2769: No overload matches this call.
  Overload 1 of 2, '(object: { success: false; error: { stack?: string | undefined; message: string; }; }, status?: ContentfulStatusCode | undefined, headers?: HeaderRecord | undefined): JSONRespondReturn<...>', gave the following error.
    Argument of type 'number' is not assignable to parameter of type 'ContentfulStatusCode | undefined'.
  Overload 2 of 2, '(object: { success: false; error: { stack?: string | undefined; message: string; }; }, init?: ResponseOrInit<ContentfulStatusCode> | undefined): JSONRespondReturn<...>', gave the following error.
    Argument of type 'number' is not assignable to parameter of type 'ResponseOrInit<ContentfulStatusCode> | undefined'.
src/modules/auth/auth.routes.ts(169,25): error TS2345: Argument of type '(c: Context<AppBindings, "/api/v1/auth/login", { in: { json: { email: string; password: string; }; }; out: { json: { email: string; password: string; }; }; }>) => Promise<JSONRespondReturn<{ success: false; message: string | undefined; }, 401> | JSONRespondReturn<...>>' is not assignable to parameter of type 'Handler<AppBindings, "/api/v1/auth/login", { in: { json: { email: string; password: string; }; }; out: { json: { email: string; password: string; }; }; }, MaybePromise<RouteConfigToTypedResponse<{ method: "post"; path: "/api/v1/auth/login"; tags: string[]; description: string; request: { ...; }; responses: { ...; };...'.
  Type 'Promise<JSONRespondReturn<{ success: false; message: string | undefined; }, 401> | JSONRespondReturn<{ success: true; data: { accessToken: string; refreshToken: string; user: { id: string; ... 6 more ...; createdAt: string; }; error?: undefined; }; }, 200>>' is not assignable to type 'MaybePromise<RouteConfigToTypedResponse<{ method: "post"; path: "/api/v1/auth/login"; tags: string[]; description: string; request: { body: { required: boolean; content: { "application/json": { schema: ZodObject<{ email: ZodString; password: ZodString; }, $strip>; }; }; description: string; }; }; responses: { ...; }...'.
    Type 'Promise<JSONRespondReturn<{ success: false; message: string | undefined; }, 401> | JSONRespondReturn<{ success: true; data: { accessToken: string; refreshToken: string; user: { id: string; ... 6 more ...; createdAt: string; }; error?: undefined; }; }, 200>>' is not assignable to type 'Promise<RouteConfigToTypedResponse<{ method: "post"; path: "/api/v1/auth/login"; tags: string[]; description: string; request: { body: { required: boolean; content: { "application/json": { schema: ZodObject<{ email: ZodString; password: ZodString; }, $strip>; }; }; description: string; }; }; responses: { ...; }; } &...'.
      Type 'JSONRespondReturn<{ success: false; message: string | undefined; }, 401> | JSONRespondReturn<{ success: true; data: { accessToken: string; refreshToken: string; user: { id: string; email: string; ... 5 more ...; createdAt: string; }; error?: undefined; }; }, 200>' is not assignable to type 'RouteConfigToTypedResponse<{ method: "post"; path: "/api/v1/auth/login"; tags: string[]; description: string; request: { body: { required: boolean; content: { "application/json": { schema: ZodObject<{ email: ZodString; password: ZodString; }, $strip>; }; }; description: string; }; }; responses: { ...; }; } & { ...; }>'.
        Type 'JSONRespondReturn<{ success: false; message: string | undefined; }, 401>' is not assignable to type 'RouteConfigToTypedResponse<{ method: "post"; path: "/api/v1/auth/login"; tags: string[]; description: string; request: { body: { required: boolean; content: { "application/json": { schema: ZodObject<{ email: ZodString; password: ZodString; }, $strip>; }; }; description: string; }; }; responses: { ...; }; } & { ...; }>'.
          Type 'JSONRespondReturn<{ success: false; message: string | undefined; }, 401>' is not assignable to type 'TypedResponse<{ success: boolean; message: string; }, 401, "json">'.
            The types of '_data.message' are incompatible between these types.
              Type 'string | undefined' is not assignable to type 'string'.
                Type 'undefined' is not assignable to type 'string'.
src/modules/auth/auth.routes.ts(188,28): error TS2345: Argument of type '(c: Context<AppBindings, "/api/v1/auth/register", { in: { json: { email: string; password: string; firstName: string; lastName: string; }; }; out: { json: { email: string; password: string; firstName: string; lastName: string; }; }; }>) => Promise<...>' is not assignable to parameter of type 'Handler<AppBindings, "/api/v1/auth/register", { in: { json: { email: string; password: string; firstName: string; lastName: string; }; }; out: { json: { email: string; password: string; firstName: string; lastName: string; }; }; }, MaybePromise<...>>'.
  Type 'Promise<JSONRespondReturn<{ success: false; message: string | undefined; }, 409> | JSONRespondReturn<{ success: true; message: string; data: { id: string; email: string; firstName: string; ... 4 more ...; createdAt: string; }; }, 201>>' is not assignable to type 'MaybePromise<RouteConfigToTypedResponse<{ method: "post"; path: "/api/v1/auth/register"; tags: string[]; description: string; request: { body: { required: boolean; content: { "application/json": { schema: ZodObject<{ email: ZodString; password: ZodString; firstName: ZodString; lastName: ZodString; }, $strip>; }; }; ...'.
    Type 'Promise<JSONRespondReturn<{ success: false; message: string | undefined; }, 409> | JSONRespondReturn<{ success: true; message: string; data: { id: string; email: string; firstName: string; ... 4 more ...; createdAt: string; }; }, 201>>' is not assignable to type 'Promise<RouteConfigToTypedResponse<{ method: "post"; path: "/api/v1/auth/register"; tags: string[]; description: string; request: { body: { required: boolean; content: { "application/json": { schema: ZodObject<{ email: ZodString; password: ZodString; firstName: ZodString; lastName: ZodString; }, $strip>; }; }; descr...'.
      Type 'JSONRespondReturn<{ success: false; message: string | undefined; }, 409> | JSONRespondReturn<{ success: true; message: string; data: { id: string; email: string; firstName: string; lastName: string; profilePhoto: string | null; verified: boolean; status: "active" | ... 1 more ... | "banned"; createdAt: string; }; },...' is not assignable to type 'RouteConfigToTypedResponse<{ method: "post"; path: "/api/v1/auth/register"; tags: string[]; description: string; request: { body: { required: boolean; content: { "application/json": { schema: ZodObject<{ email: ZodString; password: ZodString; firstName: ZodString; lastName: ZodString; }, $strip>; }; }; description: ...'.
        Type 'JSONRespondReturn<{ success: false; message: string | undefined; }, 409>' is not assignable to type 'RouteConfigToTypedResponse<{ method: "post"; path: "/api/v1/auth/register"; tags: string[]; description: string; request: { body: { required: boolean; content: { "application/json": { schema: ZodObject<{ email: ZodString; password: ZodString; firstName: ZodString; lastName: ZodString; }, $strip>; }; }; description: ...'.
          Type 'JSONRespondReturn<{ success: false; message: string | undefined; }, 409>' is not assignable to type 'TypedResponse<{ success: boolean; message: string; }, 409, "json">'.
            The types of '_data.message' are incompatible between these types.
              Type 'string | undefined' is not assignable to type 'string'.
                Type 'undefined' is not assignable to type 'string'.
src/modules/auth/auth.routes.ts(208,32): error TS2345: Argument of type '(c: Context<AppBindings, "/api/v1/auth/refresh-token", { in: { json: { refreshToken: string; }; }; out: { json: { refreshToken: string; }; }; }>) => Promise<JSONRespondReturn<{ success: false; message: string | undefined; }, 401> | JSONRespondReturn<...>>' is not assignable to parameter of type 'Handler<AppBindings, "/api/v1/auth/refresh-token", { in: { json: { refreshToken: string; }; }; out: { json: { refreshToken: string; }; }; }, MaybePromise<RouteConfigToTypedResponse<{ method: "post"; path: "/api/v1/auth/refresh-token"; tags: string[]; description: string; request: { ...; }; responses: { ...; }; } & {...'.
  Type 'Promise<JSONRespondReturn<{ success: false; message: string | undefined; }, 401> | JSONRespondReturn<{ success: true; data: { accessToken: string; refreshToken: string; error?: undefined; }; }, 200>>' is not assignable to type 'MaybePromise<RouteConfigToTypedResponse<{ method: "post"; path: "/api/v1/auth/refresh-token"; tags: string[]; description: string; request: { body: { required: boolean; content: { "application/json": { schema: ZodObject<{ refreshToken: ZodString; }, $strip>; }; }; description: string; }; }; responses: { ...; }; } & ...'.
    Type 'Promise<JSONRespondReturn<{ success: false; message: string | undefined; }, 401> | JSONRespondReturn<{ success: true; data: { accessToken: string; refreshToken: string; error?: undefined; }; }, 200>>' is not assignable to type 'Promise<RouteConfigToTypedResponse<{ method: "post"; path: "/api/v1/auth/refresh-token"; tags: string[]; description: string; request: { body: { required: boolean; content: { "application/json": { schema: ZodObject<{ refreshToken: ZodString; }, $strip>; }; }; description: string; }; }; responses: { ...; }; } & { ......'.
      Type 'JSONRespondReturn<{ success: false; message: string | undefined; }, 401> | JSONRespondReturn<{ success: true; data: { accessToken: string; refreshToken: string; error?: undefined; }; }, 200>' is not assignable to type 'RouteConfigToTypedResponse<{ method: "post"; path: "/api/v1/auth/refresh-token"; tags: string[]; description: string; request: { body: { required: boolean; content: { "application/json": { schema: ZodObject<{ refreshToken: ZodString; }, $strip>; }; }; description: string; }; }; responses: { ...; }; } & { ...; }>'.
        Type 'JSONRespondReturn<{ success: false; message: string | undefined; }, 401>' is not assignable to type 'RouteConfigToTypedResponse<{ method: "post"; path: "/api/v1/auth/refresh-token"; tags: string[]; description: string; request: { body: { required: boolean; content: { "application/json": { schema: ZodObject<{ refreshToken: ZodString; }, $strip>; }; }; description: string; }; }; responses: { ...; }; } & { ...; }>'.
          Type 'JSONRespondReturn<{ success: false; message: string | undefined; }, 401>' is not assignable to type 'TypedResponse<{ success: boolean; message: string; }, 401, "json">'.
            The types of '_data.message' are incompatible between these types.
              Type 'string | undefined' is not assignable to type 'string'.
                Type 'undefined' is not assignable to type 'string'.
src/modules/auth/auth.routes.ts(227,34): error TS2345: Argument of type '(c: Context<Env & AppBindings, "/api/v1/auth/change-password", { in: { json: { currentPassword: string; newPassword: string; }; }; out: { json: { currentPassword: string; newPassword: string; }; }; }>) => Promise<...>' is not assignable to parameter of type 'Handler<Env & AppBindings, "/api/v1/auth/change-password", { in: { json: { currentPassword: string; newPassword: string; }; }; out: { json: { currentPassword: string; newPassword: string; }; }; }, MaybePromise<...>>'.
  Type 'Promise<JSONRespondReturn<{ success: false; message: string | undefined; }, 401> | JSONRespondReturn<{ success: true; message: string; }, 200>>' is not assignable to type 'MaybePromise<RouteConfigToTypedResponse<{ method: "post"; path: "/api/v1/auth/change-password"; tags: string[]; description: string; security: { Bearer: never[]; }[]; middleware: MiddlewareHandler[]; request: { ...; }; responses: { ...; }; } & { ...; }>>'.
    Type 'Promise<JSONRespondReturn<{ success: false; message: string | undefined; }, 401> | JSONRespondReturn<{ success: true; message: string; }, 200>>' is not assignable to type 'Promise<RouteConfigToTypedResponse<{ method: "post"; path: "/api/v1/auth/change-password"; tags: string[]; description: string; security: { Bearer: never[]; }[]; middleware: MiddlewareHandler[]; request: { ...; }; responses: { ...; }; } & { ...; }>>'.
      Type 'JSONRespondReturn<{ success: false; message: string | undefined; }, 401> | JSONRespondReturn<{ success: true; message: string; }, 200>' is not assignable to type 'RouteConfigToTypedResponse<{ method: "post"; path: "/api/v1/auth/change-password"; tags: string[]; description: string; security: { Bearer: never[]; }[]; middleware: MiddlewareHandler[]; request: { body: { ...; }; }; responses: { ...; }; } & { ...; }>'.
        Type 'JSONRespondReturn<{ success: false; message: string | undefined; }, 401>' is not assignable to type 'RouteConfigToTypedResponse<{ method: "post"; path: "/api/v1/auth/change-password"; tags: string[]; description: string; security: { Bearer: never[]; }[]; middleware: MiddlewareHandler[]; request: { body: { ...; }; }; responses: { ...; }; } & { ...; }>'.
          Type 'JSONRespondReturn<{ success: false; message: string | undefined; }, 401>' is not assignable to type 'TypedResponse<{ success: boolean; message: string; }, 401, "json">'.
            The types of '_data.message' are incompatible between these types.
              Type 'string | undefined' is not assignable to type 'string'.
                Type 'undefined' is not assignable to type 'string'.
src/modules/auth/auth.routes.ts(255,33): error TS2345: Argument of type '(c: Context<AppBindings, "/api/v1/auth/reset-password", { in: { json: { token: string; password: string; }; }; out: { json: { token: string; password: string; }; }; }>) => Promise<...>' is not assignable to parameter of type 'Handler<AppBindings, "/api/v1/auth/reset-password", { in: { json: { token: string; password: string; }; }; out: { json: { token: string; password: string; }; }; }, MaybePromise<RouteConfigToTypedResponse<{ method: "post"; ... 4 more ...; responses: { ...; }; } & { ...; }>>>'.
  Type 'Promise<JSONRespondReturn<{ success: false; message: string | undefined; }, 400> | JSONRespondReturn<{ success: true; message: string; }, 200>>' is not assignable to type 'MaybePromise<RouteConfigToTypedResponse<{ method: "post"; path: "/api/v1/auth/reset-password"; tags: string[]; description: string; request: { body: { required: boolean; content: { "application/json": { schema: ZodObject<{ token: ZodString; password: ZodString; }, $strip>; }; }; description: string; }; }; responses:...'.
    Type 'Promise<JSONRespondReturn<{ success: false; message: string | undefined; }, 400> | JSONRespondReturn<{ success: true; message: string; }, 200>>' is not assignable to type 'Promise<RouteConfigToTypedResponse<{ method: "post"; path: "/api/v1/auth/reset-password"; tags: string[]; description: string; request: { body: { required: boolean; content: { "application/json": { schema: ZodObject<{ token: ZodString; password: ZodString; }, $strip>; }; }; description: string; }; }; responses: { .....'.
      Type 'JSONRespondReturn<{ success: false; message: string | undefined; }, 400> | JSONRespondReturn<{ success: true; message: string; }, 200>' is not assignable to type 'RouteConfigToTypedResponse<{ method: "post"; path: "/api/v1/auth/reset-password"; tags: string[]; description: string; request: { body: { required: boolean; content: { "application/json": { schema: ZodObject<{ token: ZodString; password: ZodString; }, $strip>; }; }; description: string; }; }; responses: { ...; }; } ...'.
        Type 'JSONRespondReturn<{ success: false; message: string | undefined; }, 400>' is not assignable to type 'RouteConfigToTypedResponse<{ method: "post"; path: "/api/v1/auth/reset-password"; tags: string[]; description: string; request: { body: { required: boolean; content: { "application/json": { schema: ZodObject<{ token: ZodString; password: ZodString; }, $strip>; }; }; description: string; }; }; responses: { ...; }; } ...'.
          Type 'JSONRespondReturn<{ success: false; message: string | undefined; }, 400>' is not assignable to type 'TypedResponse<{ success: boolean; message: string; }, 400, "json">'.
            The types of '_data.message' are incompatible between these types.
              Type 'string | undefined' is not assignable to type 'string'.
                Type 'undefined' is not assignable to type 'string'.
src/modules/auth/auth.routes.ts(271,31): error TS2345: Argument of type '(c: Context<AppBindings, "/api/v1/auth/verify-email", { in: { query: { token: string; }; }; out: { query: { token: string; }; }; }>) => Promise<JSONRespondReturn<{ success: false; message: string | undefined; }, 400> | JSONRespondReturn<...>>' is not assignable to parameter of type 'Handler<AppBindings, "/api/v1/auth/verify-email", { in: { query: { token: string; }; }; out: { query: { token: string; }; }; }, MaybePromise<RouteConfigToTypedResponse<{ method: "get"; path: "/api/v1/auth/verify-email"; tags: string[]; description: string; request: { ...; }; responses: { ...; }; } & { ...; }>>>'.
  Type 'Promise<JSONRespondReturn<{ success: false; message: string | undefined; }, 400> | JSONRespondReturn<{ success: true; message: string; }, 200>>' is not assignable to type 'MaybePromise<RouteConfigToTypedResponse<{ method: "get"; path: "/api/v1/auth/verify-email"; tags: string[]; description: string; request: { query: ZodObject<{ token: ZodString; }, $strip>; }; responses: { ...; }; } & { ...; }>>'.
    Type 'Promise<JSONRespondReturn<{ success: false; message: string | undefined; }, 400> | JSONRespondReturn<{ success: true; message: string; }, 200>>' is not assignable to type 'Promise<RouteConfigToTypedResponse<{ method: "get"; path: "/api/v1/auth/verify-email"; tags: string[]; description: string; request: { query: ZodObject<{ token: ZodString; }, $strip>; }; responses: { ...; }; } & { ...; }>>'.
      Type 'JSONRespondReturn<{ success: false; message: string | undefined; }, 400> | JSONRespondReturn<{ success: true; message: string; }, 200>' is not assignable to type 'RouteConfigToTypedResponse<{ method: "get"; path: "/api/v1/auth/verify-email"; tags: string[]; description: string; request: { query: ZodObject<{ token: ZodString; }, $strip>; }; responses: { ...; }; } & { ...; }>'.
        Type 'JSONRespondReturn<{ success: false; message: string | undefined; }, 400>' is not assignable to type 'RouteConfigToTypedResponse<{ method: "get"; path: "/api/v1/auth/verify-email"; tags: string[]; description: string; request: { query: ZodObject<{ token: ZodString; }, $strip>; }; responses: { ...; }; } & { ...; }>'.
          Type 'JSONRespondReturn<{ success: false; message: string | undefined; }, 400>' is not assignable to type 'TypedResponse<{ success: boolean; message: string; }, 400, "json">'.
            The types of '_data.message' are incompatible between these types.
              Type 'string | undefined' is not assignable to type 'string'.
                Type 'undefined' is not assignable to type 'string'.
